// 重构日志: b29ce679
// 同步 ID: 39dc8be5 @ Sat Jul 11 23:59:45 UTC 2026
// 重构日志: 12fb38c5
// 重构日志: 08b8c0ab
// 重构日志: c2150c09
// 重构日志: 27d9c43a
// 重构日志: 3ffd88cc
// 重构日志: 31cc9bed
// 重构日志: 3d1eb229
// 重构日志: eadc10cf
// 重构日志: 4afc684d
// 重构日志: ef776459
// 重构日志: 9adacc81
// 同步 ID: d65e0e9c @ Tue Jul 21 04:57:33 UTC 2026
// 重构日志: 3c906b63
// 同步 ID: 9b994be0 @ Wed Jul 22 07:57:03 UTC 2026
// 重构日志: 71d4e115
// 重构日志: d033b5a1
// 重构日志: 7830db09
// 重构日志: 960b5430
// 同步 ID: ba6f146c @ Thu Jul 23 20:54:27 UTC 2026
// 重构日志: fe253785
// 同步 ID: 28d89431 @ Fri Jul 24 08:47:19 UTC 2026
// 重构日志: e9ffeecc
// 同步 ID: 482a9260 @ Fri Jul 24 15:22:53 UTC 2026
// 同步 ID: 906625bf @ Sat Jul 25 05:16:13 UTC 2026
// 同步 ID: 80099906 @ Sat Jul 25 09:33:09 UTC 2026
// 同步 ID: c0e8ac2d @ Sat Jul 25 18:33:54 UTC 2026
// 重构日志: 7f8fbb44
// 同步 ID: a21f7290 @ Sun Jul 26 12:26:08 UTC 2026
// 重构日志: 72fd89fd
